          Code Name & Version = MCNP6, 1.0
1mcnp     version 6     ld=05/08/13                     01/02/30 03:04:05
 *************************************************************************                 probid =  01/02/30 03:04:05
 i=high_error_bins.inp o=high_error_bins.out
 warning.  Physics models disabled.
         1-       c cell
         2-       1 1 -1.0 -1
         3-       2 0 1
         4-       c surface
         5-       1 so 10
         6-       c data
         7-       mode p
         8-       imp:p 1 1
         9-       m1 26000 -1
        10-       sdef par=p erg=0.05 pos=0 0 0
        11-       f4:p 2
        12-       e4 0.001 0.010 0.100
        13-       nps 250000
1cells                                                                                                  print table 60
        1        1        1  8.00000E-02 7.80000E+00 1.00000E+01 7.80000E+01           0  1.0000E+00
        2        2        0  0.00000E+00 0.00000E+00 4.00000E+03 0.00000E+00           0  1.0000E+00
1cross-section tables                                                                                   print table 100
     XSDIR used: SYNTHETIC/xsdir
                        tables from file synthetic/mcplib
  26000.84p    5794  SYNTHETIC TEST TABLE 01/02/30
1particles and energy limits                                                                            print table 101
    2  p    photon      1.0000E-03    1.0000E+02    1.0000E+05    1.0000E+05    1.0000E+36    1.0000E+36
 warning.  material        1 has been set to a conductor.
1problem summary
      run terminated when    250000  particle histories were done.
 source            250000    1.0000E+00    5.0000E-02          escape              1000    1.0000E-03    5.0000E-05
 computer time so far in this run     0.31 minutes
 source particles per minute            8.0645E+05
1photon   activity in each cell                                                                         print table 126
        1        1    250000     250000     125000    5.0000E-01   4.0000E-02   4.0000E-02   1.0000E+00   5.0000E-02
1tally        4        nps =    250000
           tally type 4    track length estimate of particle flux.      units   1/cm**2
           particle(s): photons
           volumes
                   cell:       2
                         4.00000E+03
 cell  2
      energy
    1.0000E-03   0.00000E+00 0.0000
    1.0000E-02   2.00000E-06 0.3000
    1.0000E-01   6.20000E-06 0.1400
      total      8.20000E-06 0.1200
           results of 10 statistical checks for the estimated answer for the tally fluctuation chart (tfc) bin of tally        4
 desired      random       <0.10      yes      1/sqrt(nps)       <0.10      yes        1/nps           constant    random      >3.00
 observed     random        0.12      yes          yes            0.01      yes         yes            increase    random      2.50
 passed?        yes          yes          yes          yes          yes          yes          yes          no          yes          no
 warning.  the tally in the tally fluctuation chart bin did not pass  2 of the 10 statistical checks.
1analysis of the results in the tally fluctuation chart bin (tfc) for tally        4 with nps =    250000  print table 160
 normed average tally per history  = 8.20000E-06          unnormed average tally per history  = 2.05000E-04
 estimated tally relative error    = 0.1200               estimated variance of the variance  = 0.0010
1unnormed tally density for tally        4          nonzero tally mean(m) = 1.000E+00   nps =    1000000  print table 161
 abscissa              ordinate
 1.58-01      2 3.07-03  -2.513 synthetic
 1.00+00     10 1.25-02  -1.903 synthetic
  total      12 1.56-02
1status of the statistical checks used to form confidence intervals for the mean for each tally bin
        4   missed  2 of 10 tfc bin checks: synthetic regression case
         missed all bin error check:  4 tally bins had  1 bins with zeros and   2 bins with relative errors exceeding 0.10
 warning.       1 of the     1 tallies had bins with relative errors greater than recommended.
1tally fluctuation charts
                            tally        4
          nps      mean     error   vov  slope    fom
         50000   1.4760E-05 0.2683 0.0001 10.0 15840
        100000   1.1070E-05 0.1897 0.0001 10.0 16379
        150000   9.1840E-06 0.1549 0.0001 10.0 16920
        200000   8.5280E-06 0.1342 0.0001 10.0 17460
        250000   8.2000E-06 0.1200 0.0001 10.0 18000
         4 warning messages so far.
 run terminated when    250000  particle histories were done.
 computer time =    0.31 minutes
 mcnp     version 6     05/08/13                     01/02/30 03:05:06                     probid =  01/02/30 03:04:05
